exports[`Section.test.js renders without crashing 1`] = `
<section
  className="row">
  <div
    className="col-md-6 col-lg-3">
    <div
      className="card">
      <a
        href="https://facebook.github.io/react"
        target="_blank">
        <img
          alt="ReactJS"
          className="card-img-top img-fluid"
          src="reactjs.jpg" />
      </a>
      <div
        className="card-block">
        <h3
          className="card-title">
          ReactJS
        </h3>
        <p>
          ReactJS/Redux using the ES2015 (ES6) syntax.
        </p>
      </div>
    </div>
  </div>
  <div
    className="col-md-6 col-lg-3">
    <div
      className="card">
      <a
        href="https://github.com/facebookincubator/create-react-app"
        target="_blank">
        <img
          alt="Create React App"
          className="card-img-top img-fluid"
          src="createReactApp.jpg" />
      </a>
      <div
        className="card-block">
        <h3
          className="card-title">
          create-react-app
        </h3>
        <p>
          Official. No Setup. Built in HMR, ESLint, Jest, Coverage
        </p>
      </div>
    </div>
  </div>
  <div
    className="col-md-6 col-lg-3">
    <div
      className="card">
      <a
        href="https://reacttraining.com/react-router"
        target="_blank">
        <img
          alt="React Router 4"
          className="card-img-top img-fluid"
          src="reactrouter4.jpg" />
      </a>
      <div
        className="card-block">
        <h3
          className="card-title">
          React Router 4
        </h3>
        <p>
          Declarative routing for ReactJS apps.
        </p>
      </div>
    </div>
  </div>
  <div
    className="col-md-6 col-lg-3">
    <div
      className="card">
      <a
        href="http://v4-alpha.getbootstrap.com"
        target="_blank">
        <img
          alt="Bootstrap 4"
          className="card-img-top img-fluid"
          src="bootstrap4.jpg" />
      </a>
      <div
        className="card-block">
        <h3
          className="card-title">
          Bootstrap 4
        </h3>
        <p>
          A framework for styling apps for all screen sizes.
        </p>
      </div>
    </div>
  </div>
</section>
`;
