exports[`PageNotFound.test.js renders as expected 1`] = `
<div
  className="jumbotron">
  <h1
    className="display-1">
    Page Not Found
  </h1>
  <p
    className="lead">
    404 Error
  </p>
  <p>
    No match for the link 
    <code />
  </p>
</div>
`;
